Removed Pin From Net: NetName=NetQ5_ECH1_1 Pin=Q6_ECH1-1
Removed Pin From Net: NetName=GND Pin=Q6_ECH1-2
Removed Pin From Net: NetName=NetD1_ECH1_2 Pin=Q6_ECH1-3
Removed Pin From Net: NetName=NetQ5_ECH2_1 Pin=Q6_ECH2-1
Removed Pin From Net: NetName=GND Pin=Q6_ECH2-2
Removed Pin From Net: NetName=NetD1_ECH2_2 Pin=Q6_ECH2-3
Removed Pin From Net: NetName=NetQ5_ECH3_1 Pin=Q6_ECH3-1
Removed Pin From Net: NetName=GND Pin=Q6_ECH3-2
Removed Pin From Net: NetName=NetD1_ECH3_2 Pin=Q6_ECH3-3
Removed Pin From Net: NetName=NetQ5_ECH4_1 Pin=Q6_ECH4-1
Removed Pin From Net: NetName=GND Pin=Q6_ECH4-2
Removed Pin From Net: NetName=NetD1_ECH4_2 Pin=Q6_ECH4-3
Removed Pin From Net: NetName=NetQ5_ECH5_1 Pin=Q6_ECH5-1
Removed Pin From Net: NetName=GND Pin=Q6_ECH5-2
Removed Pin From Net: NetName=NetD1_ECH5_2 Pin=Q6_ECH5-3
Removed Pin From Net: NetName=NetQ5_ECH6_1 Pin=Q6_ECH6-1
Removed Pin From Net: NetName=GND Pin=Q6_ECH6-2
Removed Pin From Net: NetName=NetD1_ECH6_2 Pin=Q6_ECH6-3
Removed Pin From Net: NetName=NetQ5_ECH7_1 Pin=Q6_ECH7-1
Removed Pin From Net: NetName=GND Pin=Q6_ECH7-2
Removed Pin From Net: NetName=NetD1_ECH7_2 Pin=Q6_ECH7-3
Removed Member From Class: ClassName=ECH1 Member=Q6_ECH1
Removed Member From Class: ClassName=ECH2 Member=Q6_ECH2
Removed Member From Class: ClassName=ECH3 Member=Q6_ECH3
Removed Member From Class: ClassName=ECH4 Member=Q6_ECH4
Removed Member From Class: ClassName=ECH5 Member=Q6_ECH5
Removed Member From Class: ClassName=ECH6 Member=Q6_ECH6
Removed Member From Class: ClassName=ECH7 Member=Q6_ECH7
Add Class Member: Failed to add class member : Component * Tital_block_1
Added Member To Class: ClassName=Main Member=Component J3 XFHB9500G
