Removed Pin From Net: NetName=+5V Pin=J1-2
Removed Pin From Net: NetName=ECH1 Pin=J1-3
Removed Pin From Net: NetName=+5V Pin=J1-4
Removed Pin From Net: NetName=ECH2 Pin=J1-5
Removed Pin From Net: NetName=GND Pin=J1-6
Removed Pin From Net: NetName=ECH3 Pin=J1-7
Removed Pin From Net: NetName=WCH1_2 Pin=J1-8
Removed Pin From Net: NetName=GND Pin=J1-9
Removed Pin From Net: NetName=WCH1_1 Pin=J1-10
Removed Pin From Net: NetName=ECH4 Pin=J1-11
Removed Pin From Net: NetName=WCH2_2 Pin=J1-12
Removed Pin From Net: NetName=ECH5 Pin=J1-13
Removed Pin From Net: NetName=GND Pin=J1-14
Removed Pin From Net: NetName=ECH6 Pin=J1-15
Removed Pin From Net: NetName=WCH2_1 Pin=J1-16
Removed Pin From Net: NetName=WCH3_2 Pin=J1-18
Removed Pin From Net: NetName=ECH7 Pin=J1-19
Removed Pin From Net: NetName=GND Pin=J1-20
Removed Pin From Net: NetName=WCH3_1 Pin=J1-22
Removed Pin From Net: NetName=WCH4_2 Pin=J1-24
Removed Pin From Net: NetName=GND Pin=J1-25
Removed Pin From Net: NetName=WCH4_1 Pin=J1-26
Removed Pin From Net: NetName=GND Pin=J1-30
Removed Pin From Net: NetName=GND Pin=J1-34
Removed Pin From Net: NetName=GND Pin=J1-39
Removed Pin From Net: NetName=Inveter_ch Pin=J1-40
Removed Pin From Net: NetName=SOL1_2 Pin=J5-1
Removed Pin From Net: NetName=SOL1_1 Pin=J5-2
Removed Pin From Net: NetName=SOL2_2 Pin=J5-3
Removed Pin From Net: NetName=SOL2_1 Pin=J5-4
Removed Pin From Net: NetName=SOL3_2 Pin=J5-5
Removed Pin From Net: NetName=SOL3_1 Pin=J5-6
Removed Pin From Net: NetName=SOL4_2 Pin=J5-7
Removed Pin From Net: NetName=SOL4_1 Pin=J5-8
Removed Pin From Net: NetName=GND Pin=J6-2
Removed Pin From Net: NetName=GND Pin=J6-4
Removed Pin From Net: NetName=GND Pin=J6-6
Removed Pin From Net: NetName=GND Pin=J6-8
Removed Pin From Net: NetName=GND Pin=J7-2
Removed Pin From Net: NetName=GND Pin=J7-4
Removed Pin From Net: NetName=GND Pin=J7-6
Removed Pin From Net: NetName=GND Pin=J7-8
Removed Member From Class: ClassName=Main Member=J1
Removed Member From Class: ClassName=Main Member=J5
Removed Member From Class: ClassName=Main Member=J6
Removed Member From Class: ClassName=Main Member=J7
Added Component: Designator=U3(SC1562(PI-CM5))
Added Pin To Net: NetName=GND Pin=U3-1
Added Pin To Net: NetName=GND Pin=U3-2
Added Pin To Net: NetName=GND Pin=U3-7
Added Pin To Net: NetName=GND Pin=U3-8
Added Pin To Net: NetName=GND Pin=U3-13
Added Pin To Net: NetName=GND Pin=U3-14
Added Pin To Net: NetName=GND Pin=U3-22
Added Pin To Net: NetName=GND Pin=U3-23
Added Pin To Net: NetName=GND Pin=U3-32
Added Pin To Net: NetName=GND Pin=U3-33
Added Pin To Net: NetName=GND Pin=U3-42
Added Pin To Net: NetName=GND Pin=U3-43
Added Pin To Net: NetName=GND Pin=U3-52
Added Pin To Net: NetName=GND Pin=U3-53
Added Pin To Net: NetName=GND Pin=U3-59
Added Pin To Net: NetName=GND Pin=U3-60
Added Pin To Net: NetName=GND Pin=U3-65
Added Pin To Net: NetName=GND Pin=U3-66
Added Pin To Net: NetName=GND Pin=U3-71
Added Pin To Net: NetName=GND Pin=U3-74
Added Pin To Net: NetName=GND Pin=U3-98
Added Pin To Net: NetName=GND Pin=U3-107
Added Pin To Net: NetName=GND Pin=U3-108
Added Pin To Net: NetName=GND Pin=U3-113
Added Pin To Net: NetName=GND Pin=U3-114
Added Pin To Net: NetName=GND Pin=U3-119
Added Pin To Net: NetName=GND Pin=U3-120
Added Pin To Net: NetName=GND Pin=U3-125
Added Pin To Net: NetName=GND Pin=U3-126
Added Pin To Net: NetName=GND Pin=U3-131
Added Pin To Net: NetName=GND Pin=U3-132
Added Pin To Net: NetName=GND Pin=U3-137
Added Pin To Net: NetName=GND Pin=U3-138
Added Pin To Net: NetName=GND Pin=U3-144
Added Pin To Net: NetName=GND Pin=U3-150
Added Pin To Net: NetName=GND Pin=U3-155
Added Pin To Net: NetName=GND Pin=U3-156
Added Pin To Net: NetName=GND Pin=U3-161
Added Pin To Net: NetName=GND Pin=U3-162
Added Pin To Net: NetName=GND Pin=U3-167
Added Pin To Net: NetName=GND Pin=U3-168
Added Pin To Net: NetName=GND Pin=U3-173
Added Pin To Net: NetName=GND Pin=U3-174
Added Pin To Net: NetName=GND Pin=U3-179
Added Pin To Net: NetName=GND Pin=U3-180
Added Pin To Net: NetName=GND Pin=U3-185
Added Pin To Net: NetName=GND Pin=U3-186
Added Pin To Net: NetName=GND Pin=U3-191
Added Pin To Net: NetName=GND Pin=U3-192
Added Pin To Net: NetName=GND Pin=U3-197
Added Pin To Net: NetName=GND Pin=U3-198
Added Class: Name=U_CM5
