Removed Pin From Net: NetName=+12V Pin=D1_ECH1-1
Removed Pin From Net: NetName=+12V Pin=D1_ECH2-1
Removed Pin From Net: NetName=+12V Pin=D1_ECH3-1
Removed Pin From Net: NetName=+12V Pin=D1_ECH4-1
Removed Pin From Net: NetName=+12V Pin=D1_ECH5-1
Removed Pin From Net: NetName=+12V Pin=D1_ECH6-1
Removed Pin From Net: NetName=+12V Pin=D1_ECH7-1
Removed Pin From Net: NetName=GND Pin=Q5_ECH1-2
Removed Pin From Net: NetName=GND Pin=Q5_ECH2-2
Removed Pin From Net: NetName=GND Pin=Q5_ECH3-2
Removed Pin From Net: NetName=GND Pin=Q5_ECH4-2
Removed Pin From Net: NetName=GND Pin=Q5_ECH5-2
Removed Pin From Net: NetName=GND Pin=Q5_ECH6-2
Removed Pin From Net: NetName=GND Pin=Q5_ECH7-2
Removed Pin From Net: NetName=GND Pin=Q6_ECH1-2
Removed Pin From Net: NetName=GND Pin=Q6_ECH2-2
Removed Pin From Net: NetName=GND Pin=Q6_ECH3-2
Removed Pin From Net: NetName=GND Pin=Q6_ECH4-2
Removed Pin From Net: NetName=GND Pin=Q6_ECH5-2
Removed Pin From Net: NetName=GND Pin=Q6_ECH6-2
Removed Pin From Net: NetName=GND Pin=Q6_ECH7-2
Removed Pin From Net: NetName=GND Pin=R6_ECH1-1
Removed Pin From Net: NetName=GND Pin=R6_ECH2-1
Removed Pin From Net: NetName=GND Pin=R6_ECH3-1
Removed Pin From Net: NetName=GND Pin=R6_ECH4-1
Removed Pin From Net: NetName=GND Pin=R6_ECH5-1
Removed Pin From Net: NetName=GND Pin=R6_ECH6-1
Removed Pin From Net: NetName=GND Pin=R6_ECH7-1
Removed Pin From Net: NetName=+12V Pin=REL1_ECH1-1
Removed Pin From Net: NetName=+12V Pin=REL1_ECH2-1
Removed Pin From Net: NetName=+12V Pin=REL1_ECH3-1
Removed Pin From Net: NetName=+12V Pin=REL1_ECH4-1
Removed Pin From Net: NetName=+12V Pin=REL1_ECH5-1
Removed Pin From Net: NetName=+12V Pin=REL1_ECH6-1
Removed Pin From Net: NetName=+12V Pin=REL1_ECH7-1
Added Pin To Net: NetName=PHI_1 Pin=D1_ECH1-1
Added Pin To Net: NetName=PHI_2 Pin=D1_ECH2-1
Added Pin To Net: NetName=DCI_1 Pin=D1_ECH3-1
Added Pin To Net: NetName=DCI_2 Pin=D1_ECH4-1
Added Pin To Net: NetName=DCI_3 Pin=D1_ECH5-1
Added Pin To Net: NetName=DCI_4 Pin=D1_ECH6-1
Added Pin To Net: NetName=DCI_5 Pin=D1_ECH7-1
Added Pin To Net: NetName=PHO_1 Pin=Q5_ECH1-2
Added Pin To Net: NetName=PHO_2 Pin=Q5_ECH2-2
Added Pin To Net: NetName=DCO_1 Pin=Q5_ECH3-2
Added Pin To Net: NetName=DCO_2 Pin=Q5_ECH4-2
Added Pin To Net: NetName=DCO_3 Pin=Q5_ECH5-2
Added Pin To Net: NetName=DCO_4 Pin=Q5_ECH6-2
Added Pin To Net: NetName=DCO_5 Pin=Q5_ECH7-2
Added Pin To Net: NetName=PHO_1 Pin=Q6_ECH1-2
Added Pin To Net: NetName=PHO_2 Pin=Q6_ECH2-2
Added Pin To Net: NetName=DCO_1 Pin=Q6_ECH3-2
Added Pin To Net: NetName=DCO_2 Pin=Q6_ECH4-2
Added Pin To Net: NetName=DCO_3 Pin=Q6_ECH5-2
Added Pin To Net: NetName=DCO_4 Pin=Q6_ECH6-2
Added Pin To Net: NetName=DCO_5 Pin=Q6_ECH7-2
Added Pin To Net: NetName=PHO_1 Pin=R6_ECH1-1
Added Pin To Net: NetName=PHO_2 Pin=R6_ECH2-1
Added Pin To Net: NetName=DCO_1 Pin=R6_ECH3-1
Added Pin To Net: NetName=DCO_2 Pin=R6_ECH4-1
Added Pin To Net: NetName=DCO_3 Pin=R6_ECH5-1
Added Pin To Net: NetName=DCO_4 Pin=R6_ECH6-1
Added Pin To Net: NetName=DCO_5 Pin=R6_ECH7-1
Added Pin To Net: NetName=PHI_1 Pin=REL1_ECH1-1
Added Pin To Net: NetName=PHI_2 Pin=REL1_ECH2-1
Added Pin To Net: NetName=DCI_1 Pin=REL1_ECH3-1
Added Pin To Net: NetName=DCI_2 Pin=REL1_ECH4-1
Added Pin To Net: NetName=DCI_3 Pin=REL1_ECH5-1
Added Pin To Net: NetName=DCI_4 Pin=REL1_ECH6-1
Added Pin To Net: NetName=DCI_5 Pin=REL1_ECH7-1
